Microchip MPLAB XC8 Compiler V1.42 ()

Linker command line:

-W-3 --edf=D:\Atmel\xc8\dat\en_msgs.txt -cs \
  -h+dist/default/production\button_press.production.sym \
  --cmf=dist/default/production\button_press.production.cmf -z -Q18F45K80 \
  -oC:\Users\haoye\AppData\Local\Temp\sdg4.2 \
  -Mdist/default/production/button_press.production.map -E1 -ver=XC8 \
  -ASTACK=08Fh-0e40h -pstack=STACK -ACODE=00h-07FFFh -ACONST=00h-07FFFh \
  -ASMALLCONST=0F00h-0FFFhx113 -AMEDIUMCONST=0F00h-07FFFh -ACOMRAM=01h-05Fh \
  -AABS1=00h-0E40h -ABIGRAM=01h-0E40h \
  -ARAM=060h-0FFh,0100h-01FFhx13,0E00h-0E40h -ABANK0=060h-0FFh \
  -ABANK1=0100h-01FFh -ABANK2=0200h-02FFh -ABANK3=0300h-03FFh \
  -ABANK4=0400h-04FFh -ABANK5=0500h-05FFh -ABANK6=0600h-06FFh \
  -ABANK7=0700h-07FFh -ABANK8=0800h-08FFh -ABANK9=0900h-09FFh \
  -ABANK10=0A00h-0AFFh -ABANK11=0B00h-0BFFh -ABANK12=0C00h-0CFFh \
  -ABANK13=0D00h-0DFFh -ABANK14=0E00h-0E40h \
  -ASFR=0E41h-0EFFh,0F00h-0F5Fh,0F60h-0FFFh \
  -preset_vec=00h,intcode=08h,intcodelo,powerup,init -pramtop=0F00h \
  -psmallconst=SMALLCONST -pmediumconst=MEDIUMCONST -pconst=CONST \
  -AFARRAM=00h-00h -ACONFIG=0300000h-030000Dh -pconfig=CONFIG \
  -AIDLOC=0200000h-0200007h -pidloc=IDLOC -AEEDATA=0F00000h-0F003FFh \
  -peeprom_data=EEDATA \
  -prdata=COMRAM,nvrram=COMRAM,nvbit=COMRAM,rbss=COMRAM,rbit=COMRAM \
  -pfarbss=FARRAM,fardata=FARRAM,nvFARRAM=FARRAM \
  -pintsave_regs=BIGRAM,bigbss=BIGRAM,bigdata=BIGRAM -pbss=RAM \
  -pidata=CODE,irdata=CODE,ibigdata=CODE,ifardata=CODE -prparam=COMRAM \
  C:\Users\haoye\AppData\Local\Temp\sdg4.obj \
  dist/default/production\button_press.production.obj 

Object code version is 3.11

Machine type is 18F45K80

Call graph: (short form)




                Name                               Link     Load   Length Selector   Space Scale
C:\Users\haoye\AppData\Local\Temp\sdg4.obj
                init                                 D2       D2        4        4       0
                reset_vec                             0        0        4        0       0
                idloc                            200000   200000        8   200000       0
                config                           300000   300000        E   300000       0
dist/default/production\button_press.production.obj
                intcode                               8        8       CA        4       0
                temp                                 4A       4A        1        1       1
                text32                              93E      93E       66        4       0
                text31                              C40      C40        2        4       0
                text30                              BC0      BC0       18        4       0
                text29                              C26      C26        8        4       0
                text28                              424      424      21E        4       0
                text27                              C3E      C3E        2        4       0
                text26                              B60      B60       26        4       0
                text25                              C1E      C1E        8        4       0
                text24                              C3C      C3C        2        4       0
                text23                              B3A      B3A       26        4       0
                text22                              B86      B86       20        4       0
                text21                              9EC      9EC       42        4       0
                text20                              C3A      C3A        2        4       0
                text19                              9A4      9A4       48        4       0
                text17                              642      642      19E        4       0
                text16                               D6       D6      34E        4       0
                text15                              C36      C36        4        4       0
                text14                              BD8      BD8       16        4       0
                text13                              BA6      BA6       1A        4       0
                text12                              7E0      7E0       EE        4       0
                text11                              C14      C14        A        4       0
                text10                              C0A      C0A        A        4       0
                text9                               B14      B14       26        4       0
                text8                               A9E      A9E       2A        4       0
                text7                               C32      C32        4        4       0
                text6                               BEE      BEE       12        4       0
                text5                               A68      A68       36        4       0
                text4                               C00      C00        A        4       0
                text3                               C2E      C2E        4        4       0
                text2                               A2E      A2E       3A        4       0
                text1                               AEE      AEE       26        4       0
                text0                               8CE      8CE       70        4       0
                cstackCOMRAM                          1        1       28        1       1
                cstackBANK0                          60       60       15       60       1
                bssBANK0                             75       75       14       60       1
                bssCOMRAM                            29       29       1F        1       1
                cinit                               AC8      AC8       26        4       0
                nvBANK0                              89       89        6       60       1
                nvCOMRAM                             48       48        2        1       1

TOTAL           Name                               Link     Load   Length     Space
        CLASS   STACK          

        CLASS   CODE           
                intcode                               8        8       CA         0
                init                                 D2       D2        4         0
                reset_vec                             0        0        4         0
                text32                              93E      93E       66         0
                text31                              C40      C40        2         0
                text30                              BC0      BC0       18         0
                text29                              C26      C26        8         0
                text28                              424      424      21E         0
                text27                              C3E      C3E        2         0
                text26                              B60      B60       26         0
                text25                              C1E      C1E        8         0
                text24                              C3C      C3C        2         0
                text23                              B3A      B3A       26         0
                text22                              B86      B86       20         0
                text21                              9EC      9EC       42         0
                text20                              C3A      C3A        2         0
                text19                              9A4      9A4       48         0
                text17                              642      642      19E         0
                text16                               D6       D6      34E         0
                text15                              C36      C36        4         0
                text14                              BD8      BD8       16         0
                text13                              BA6      BA6       1A         0
                text12                              7E0      7E0       EE         0
                text11                              C14      C14        A         0
                text10                              C0A      C0A        A         0
                text9                               B14      B14       26         0
                text8                               A9E      A9E       2A         0
                text7                               C32      C32        4         0
                text6                               BEE      BEE       12         0
                text5                               A68      A68       36         0
                text4                               C00      C00        A         0
                text3                               C2E      C2E        4         0
                text2                               A2E      A2E       3A         0
                text1                               AEE      AEE       26         0
                text0                               8CE      8CE       70         0
                cinit                               AC8      AC8       26         0

        CLASS   CONST          

        CLASS   SMALLCONST     

        CLASS   MEDIUMCONST    

        CLASS   COMRAM         
                temp                                 4A       4A        1         1
                cstackCOMRAM                          1        1       28         1
                bssCOMRAM                            29       29       1F         1
                nvCOMRAM                             48       48        2         1

        CLASS   ABS1           

        CLASS   BIGRAM         

        CLASS   RAM            

        CLASS   BANK0          
                cstackBANK0                          60       60       15         1
                bssBANK0                             75       75       14         1
                nvBANK0                              89       89        6         1

        CLASS   BANK1          

        CLASS   BANK2          

        CLASS   BANK3          

        CLASS   BANK4          

        CLASS   BANK5          

        CLASS   BANK6          

        CLASS   BANK7          

        CLASS   BANK8          

        CLASS   BANK9          

        CLASS   BANK10         

        CLASS   BANK11         

        CLASS   BANK12         

        CLASS   BANK13         

        CLASS   BANK14         

        CLASS   SFR            

        CLASS   FARRAM         

        CLASS   CONFIG         
                config                           300000   300000        E         0

        CLASS   IDLOC          
                idloc                            200000   200000        8         0

        CLASS   EEDATA         



SEGMENTS        Name                           Load    Length   Top    Selector   Space  Class

                reset_vec                      000000  000004  000004         0       0  CODE    
                cstackCOMRAM                   000001  00004A  00004B         1       1  COMRAM  
                intcode                        000008  000C3A  000C42         4       0  CODE    
                cstackBANK0                    000060  00002F  00008F        60       1  BANK0   
                idloc                          200000  000008  200008    200000       0  IDLOC   
                config                         300000  00000E  30000E    300000       0  CONFIG  


UNUSED ADDRESS RANGES

        Name                Unused          Largest block    Delta
        BANK0            00008F-0000FF               71
        BANK1            000100-0001FF              100
        BANK10           000A00-000AFF              100
        BANK11           000B00-000BFF              100
        BANK12           000C00-000CFF              100
        BANK13           000D00-000DFF              100
        BANK14           000E00-000E40               41
        BANK2            000200-0002FF              100
        BANK3            000300-0003FF              100
        BANK4            000400-0004FF              100
        BANK5            000500-0005FF              100
        BANK6            000600-0006FF              100
        BANK7            000700-0007FF              100
        BANK8            000800-0008FF              100
        BANK9            000900-0009FF              100
        BIGRAM           00004B-00005F               15
                         00008F-000E40              DB2
        CODE             000004-000007                4
                         000C42-007FFF             73BE
        COMRAM           00004B-00005F               15
        CONST            000004-000007                4
                         000C42-007FFF             73BE
        EEDATA           F00000-F003FF              400
        MEDIUMCONST      000F00-007FFF             7100
        RAM              00008F-000E40              100
        SFR              000E41-000FFF               BF
        SMALLCONST       000F00-007FFF              100
        STACK            00008F-000E40              DB2

                                  Symbol Table

?_TMR1_ReadTimer                          cstackCOMRAM 000001
CAN_transmit@returnValue                  cstackBANK0  000060
CAN_transmit@tempCanMsg                   cstackCOMRAM 000027
CAN_transmit@tempEIDH                     cstackBANK0  000061
CAN_transmit@tempEIDL                     cstackBANK0  000062
CAN_transmit@tempSIDH                     cstackBANK0  000063
CAN_transmit@tempSIDL                     cstackBANK0  000064
CCP2_CaptureISR@module                    cstackCOMRAM 000003
I2C_ISR@i2c_10bit_address_restart         bssCOMRAM    000040
I2C_ISR@i2c_address                       bssCOMRAM    000046
I2C_ISR@i2c_bytes_left                    bssCOMRAM    000041
I2C_ISR@pi2c_buf_ptr                      bssCOMRAM    000032
I2C_MasterRead@trBlock                    bssBANK0     000077
I2C_MasterWrite@trBlock                   bssBANK0     00007D
INT0_SetInterruptHandler@InterruptHandler cstackCOMRAM 000015
INT1_SetInterruptHandler@InterruptHandler cstackCOMRAM 000015
TMR1_ReadTimer@readVal                    cstackCOMRAM 000005
TMR1_SetInterruptHandler@InterruptHandler cstackCOMRAM 000015
_ADCON0                                   (abs)        000FC2
_ADCON0bits                               (abs)        000FC2
_ADCON1                                   (abs)        000FC1
_ADCON2                                   (abs)        000FC0
_ADC_Initialize                           text14       000BD8
_ADRESH                                   (abs)        000FC4
_ADRESL                                   (abs)        000FC3
_ANCON0                                   (abs)        000F5D
_ANCON1                                   (abs)        000F5C
_BRGCON1                                  (abs)        000E43
_BRGCON2                                  (abs)        000E44
_BRGCON3                                  (abs)        000E45
_CANCON                                   (abs)        000F6F
_CANSTAT                                  (abs)        000F6E
_CAN_transmit                             text16       0000D6
_CCP2CON                                  (abs)        000F50
_CCP2_CaptureISR                          text32       00093E
_CCP2_Initialize                          text13       000BA6
_CCPR2H                                   (abs)        000F52
_CCPR2L                                   (abs)        000F51
_CCPTMRSbits                              (abs)        000F99
_CIOCONbits                               (abs)        000F70
_COMSTATbits                              (abs)        000F71
_ECANCON                                  (abs)        000F72
_ECAN_Initialize                          text12       0007E0
_EEADR                                    (abs)        000F74
_EEADRH                                   (abs)        000F75
_EECON1bits                               (abs)        000F7F
_EECON2                                   (abs)        000F7E
_EEDATA                                   (abs)        000F73
_EXT_INT_Initialize                       text9        000B14
_I2C_BusCollisionISR                      text31       000C40
_I2C_FunctionComplete                     text30       000BC0
_I2C_ISR                                  text28       000424
_I2C_Initialize                           text8        000A9E
_I2C_Stop                                 text29       000C26
_INT0_CallBack                            text26       000B60
_INT0_DefaultInterruptHandler             text27       000C3E
_INT0_ISR                                 text25       000C1E
_INT0_InterruptHandler                    nvBANK0      000089
_INT0_SetInterruptHandler                 text11       000C14
_INT1_CallBack                            text23       000B3A
_INT1_DefaultInterruptHandler             text24       000C3C
_INT1_GetInterruptState                   text15       000C36
_INT1_ISR                                 text21       0009EC
_INT1_InterruptHandler                    nvBANK0      00008B
_INT1_SetInterruptHandler                 text10       000C0A
_INTCON2bits                              (abs)        000FF1
_INTCON3bits                              (abs)        000FF0
_INTCONbits                               (abs)        000FF2
_INTERRUPT_Initialize                     text7        000C32
_INTERRUPT_InterruptManager               intcode      000008
_LATA                                     (abs)        000F89
_LATB                                     (abs)        000F8A
_LATC                                     (abs)        000F8B
_LATD                                     (abs)        000F8C
_LATE                                     (abs)        000F8D
_OSCCON                                   (abs)        000FD3
_OSCCON2                                  (abs)        000FD2
_OSCILLATOR_Initialize                    text6        000BEE
_OSCTUNE                                  (abs)        000F9B
_PIE1bits                                 (abs)        000F9D
_PIE2bits                                 (abs)        000FA0
_PIE3bits                                 (abs)        000FA3
_PIE5bits                                 (abs)        000F76
_PIN_MANAGER_Initialize                   text5        000A68
_PIR1bits                                 (abs)        000F9E
_PIR2bits                                 (abs)        000FA1
_PIR3bits                                 (abs)        000FA4
_PIR4bits                                 (abs)        000FB7
_PIR5bits                                 (abs)        000F77
_PORTBbits                                (abs)        000F81
_RA1                                      (abs)        007C01
_RB4                                      (abs)        007C0C
_RCONbits                                 (abs)        000FD0
_REFOCON                                  (abs)        000F9A
_RXB0CONbits                              (abs)        000F60
_RXB0D0                                   (abs)        000F66
_RXB0D1                                   (abs)        000F67
_RXB0D2                                   (abs)        000F68
_RXB0D3                                   (abs)        000F69
_RXB0D4                                   (abs)        000F6A
_RXB0D5                                   (abs)        000F6B
_RXB0D6                                   (abs)        000F6C
_RXB0D7                                   (abs)        000F6D
_RXB0DLC                                  (abs)        000F65
_RXB0EIDH                                 (abs)        000F63
_RXB0EIDL                                 (abs)        000F64
_RXB0SIDH                                 (abs)        000F61
_RXB0SIDL                                 (abs)        000F62
_RXB1CONbits                              (abs)        000F30
_RXB1D0                                   (abs)        000F36
_RXB1D1                                   (abs)        000F37
_RXB1D2                                   (abs)        000F38
_RXB1D3                                   (abs)        000F39
_RXB1D4                                   (abs)        000F3A
_RXB1D5                                   (abs)        000F3B
_RXB1D6                                   (abs)        000F3C
_RXB1D7                                   (abs)        000F3D
_RXB1DLC                                  (abs)        000F35
_RXB1EIDH                                 (abs)        000F33
_RXB1EIDL                                 (abs)        000F34
_RXB1SIDH                                 (abs)        000F31
_RXB1SIDL                                 (abs)        000F32
_RXF0EIDH                                 (abs)        000EE2
_RXF0EIDL                                 (abs)        000EE3
_RXF0SIDH                                 (abs)        000EE0
_RXF0SIDL                                 (abs)        000EE1
_RXF1EIDH                                 (abs)        000EE6
_RXF1EIDL                                 (abs)        000EE7
_RXF1SIDH                                 (abs)        000EE4
_RXF1SIDL                                 (abs)        000EE5
_RXF2EIDH                                 (abs)        000EEA
_RXF2EIDL                                 (abs)        000EEB
_RXF2SIDH                                 (abs)        000EE8
_RXF2SIDL                                 (abs)        000EE9
_RXF3EIDH                                 (abs)        000EEE
_RXF3EIDL                                 (abs)        000EEF
_RXF3SIDH                                 (abs)        000EEC
_RXF3SIDL                                 (abs)        000EED
_RXF4EIDH                                 (abs)        000EF2
_RXF4EIDL                                 (abs)        000EF3
_RXF4SIDH                                 (abs)        000EF0
_RXF4SIDL                                 (abs)        000EF1
_RXF5EIDH                                 (abs)        000EF6
_RXF5EIDL                                 (abs)        000EF7
_RXF5SIDH                                 (abs)        000EF4
_RXF5SIDL                                 (abs)        000EF5
_RXM0EIDH                                 (abs)        000EFA
_RXM0EIDL                                 (abs)        000EFB
_RXM0SIDH                                 (abs)        000EF8
_RXM0SIDL                                 (abs)        000EF9
_RXM1EIDH                                 (abs)        000EFE
_RXM1EIDL                                 (abs)        000EFF
_RXM1SIDH                                 (abs)        000EFC
_RXM1SIDL                                 (abs)        000EFD
_SSPADD                                   (abs)        000FC8
_SSPBUF                                   (abs)        000FC9
_SSPCON1                                  (abs)        000FC6
_SSPCON1bits                              (abs)        000FC6
_SSPCON2bits                              (abs)        000FC5
_SSPSTAT                                  (abs)        000FC7
_SYSTEM_Initialize                        text1        000AEE
_T1CON                                    (abs)        000FCD
_T1CONbits                                (abs)        000FCD
_T1GCON                                   (abs)        000FAA
_T1GCONbits                               (abs)        000FAA
_TABLAT                                   (abs)        000FF5
_TBLPTRH                                  (abs)        000FF7
_TBLPTRL                                  (abs)        000FF6
_TBLPTRU                                  (abs)        000FF8
_TMR1H                                    (abs)        000FCF
_TMR1L                                    (abs)        000FCE
_TMR1_DefaultInterruptHandler             text20       000C3A
_TMR1_ISR                                 text19       0009A4
_TMR1_Initialize                          text2        000A2E
_TMR1_InterruptHandler                    nvBANK0      00008D
_TMR1_ReadTimer                           text22       000B86
_TMR1_SetInterruptHandler                 text4        000C00
_TMR1_StartTimer                          text3        000C2E
_TRISA                                    (abs)        000F92
_TRISB                                    (abs)        000F93
_TRISC                                    (abs)        000F94
_TRISD                                    (abs)        000F95
_TRISE                                    (abs)        000F96
_TXB0CONbits                              (abs)        000F20
_TXB0D0                                   (abs)        000F26
_TXB0D1                                   (abs)        000F27
_TXB0D2                                   (abs)        000F28
_TXB0D3                                   (abs)        000F29
_TXB0D4                                   (abs)        000F2A
_TXB0D5                                   (abs)        000F2B
_TXB0D6                                   (abs)        000F2C
_TXB0D7                                   (abs)        000F2D
_TXB0DLC                                  (abs)        000F25
_TXB0EIDH                                 (abs)        000F23
_TXB0EIDL                                 (abs)        000F24
_TXB0SIDH                                 (abs)        000F21
_TXB0SIDL                                 (abs)        000F22
_TXB1CONbits                              (abs)        000F10
_TXB1D0                                   (abs)        000F16
_TXB1D1                                   (abs)        000F17
_TXB1D2                                   (abs)        000F18
_TXB1D3                                   (abs)        000F19
_TXB1D4                                   (abs)        000F1A
_TXB1D5                                   (abs)        000F1B
_TXB1D6                                   (abs)        000F1C
_TXB1D7                                   (abs)        000F1D
_TXB1DLC                                  (abs)        000F15
_TXB1EIDH                                 (abs)        000F13
_TXB1EIDL                                 (abs)        000F14
_TXB1SIDH                                 (abs)        000F11
_TXB1SIDL                                 (abs)        000F12
_TXB2CONbits                              (abs)        000F00
_TXB2D0                                   (abs)        000F06
_TXB2D1                                   (abs)        000F07
_TXB2D2                                   (abs)        000F08
_TXB2D3                                   (abs)        000F09
_TXB2D4                                   (abs)        000F0A
_TXB2D5                                   (abs)        000F0B
_TXB2D6                                   (abs)        000F0C
_TXB2D7                                   (abs)        000F0D
_TXB2DLC                                  (abs)        000F05
_TXB2EIDH                                 (abs)        000F03
_TXB2EIDL                                 (abs)        000F04
_TXB2SIDH                                 (abs)        000F01
_TXB2SIDL                                 (abs)        000F02
_WPUB                                     (abs)        000F5B
__CFG_BBSIZ$BB2K                          (abs)        000000
__CFG_BOREN$SBORDIS                       (abs)        000000
__CFG_BORPWR$ZPBORMV                      (abs)        000000
__CFG_BORV$3                              (abs)        000000
__CFG_CANMX$PORTB                         (abs)        000000
__CFG_CP0$OFF                             (abs)        000000
__CFG_CP1$OFF                             (abs)        000000
__CFG_CP2$OFF                             (abs)        000000
__CFG_CP3$OFF                             (abs)        000000
__CFG_CPB$OFF                             (abs)        000000
__CFG_CPD$OFF                             (abs)        000000
__CFG_EBTR0$OFF                           (abs)        000000
__CFG_EBTR1$OFF                           (abs)        000000
__CFG_EBTR2$OFF                           (abs)        000000
__CFG_EBTR3$OFF                           (abs)        000000
__CFG_EBTRB$OFF                           (abs)        000000
__CFG_FCMEN$OFF                           (abs)        000000
__CFG_FOSC$HS1                            (abs)        000000
__CFG_IESO$OFF                            (abs)        000000
__CFG_INTOSCSEL$HIGH                      (abs)        000000
__CFG_MCLRE$ON                            (abs)        000000
__CFG_MSSPMSK$MSK7                        (abs)        000000
__CFG_PLLCFG$OFF                          (abs)        000000
__CFG_PWRTEN$OFF                          (abs)        000000
__CFG_RETEN$OFF                           (abs)        000000
__CFG_SOSCSEL$HIGH                        (abs)        000000
__CFG_STVREN$ON                           (abs)        000000
__CFG_WDTEN$OFF                           (abs)        000000
__CFG_WDTPS$1048576                       (abs)        000000
__CFG_WRT0$OFF                            (abs)        000000
__CFG_WRT1$OFF                            (abs)        000000
__CFG_WRT2$OFF                            (abs)        000000
__CFG_WRT3$OFF                            (abs)        000000
__CFG_WRTB$OFF                            (abs)        000000
__CFG_WRTC$OFF                            (abs)        000000
__CFG_WRTD$OFF                            (abs)        000000
__CFG_XINST$OFF                           (abs)        000000
__HRAM                                    (abs)        000000
__Habs1                                   abs1         000000
__Hbank0                                  bank0        000000
__Hbank1                                  bank1        000000
__Hbank10                                 bank10       000000
__Hbank11                                 bank11       000000
__Hbank12                                 bank12       000000
__Hbank13                                 bank13       000000
__Hbank14                                 bank14       000000
__Hbank2                                  bank2        000000
__Hbank3                                  bank3        000000
__Hbank4                                  bank4        000000
__Hbank5                                  bank5        000000
__Hbank6                                  bank6        000000
__Hbank7                                  bank7        000000
__Hbank8                                  bank8        000000
__Hbank9                                  bank9        000000
__Hbigbss                                 bigbss       000000
__Hbigdata                                bigdata      000000
__Hbigram                                 bigram       000000
__Hbss                                    bss          000000
__HbssBANK0                               bssBANK0     000000
__HbssCOMRAM                              bssCOMRAM    000000
__Hcinit                                  cinit        000000
__Hclrtext                                clrtext      000000
__Hcomram                                 comram       000000
__Hconfig                                 config       30000E
__Hconst                                  const        000000
__HcstackBANK0                            cstackBANK0  000000
__HcstackCOMRAM                           cstackCOMRAM 000000
__Hdata                                   data         000000
__Heeprom_data                            eeprom_data  000000
__Hfarbss                                 farbss       000000
__Hfardata                                fardata      000000
__Hibigdata                               ibigdata     000000
__Hidata                                  idata        000000
__Hidloc                                  idloc        200008
__Hifardata                               ifardata     000000
__Hinit                                   init         0000D6
__Hintcode                                intcode      0000D2
__Hintcode_body                           intcode_body 000000
__Hintcodelo                              intcodelo    0000D2
__Hintentry                               intentry     000000
__Hintret                                 intret       000000
__Hintsave_regs                           intsave_regs 000000
__Hirdata                                 irdata       000000
__Hmediumconst                            mediumconst  000000
__HnvBANK0                                nvBANK0      000000
__HnvCOMRAM                               nvCOMRAM     000000
__HnvFARRAM                               nvFARRAM     000000
__Hnvbit                                  nvbit        000000
__Hnvrram                                 nvrram       000000
__Hparam                                  rparam       000000
__Hpowerup                                powerup      0000D2
__Hram                                    ram          000000
__Hramtop                                 ramtop       000F00
__Hrbit                                   rbit         000000
__Hrbss                                   rbss         000000
__Hrdata                                  rdata        000000
__Hreset_vec                              reset_vec    000004
__Hrparam                                 rparam       000000
__Hsfr                                    sfr          000000
__Hsmallconst                             smallconst   000000
__Hspace_0                                (abs)        30000E
__Hspace_1                                (abs)        00008F
__Hspace_2                                (abs)        000000
__Hstack                                  stack        000000
__Hstruct                                 struct       000000
__Htemp                                   temp         00004B
__Htext                                   text         000000
__Htext0                                  text0        000000
__Htext1                                  text1        000000
__Htext10                                 text10       000000
__Htext11                                 text11       000000
__Htext12                                 text12       000000
__Htext13                                 text13       000000
__Htext14                                 text14       000000
__Htext15                                 text15       000000
__Htext16                                 text16       000000
__Htext17                                 text17       000000
__Htext19                                 text19       000000
__Htext2                                  text2        000000
__Htext20                                 text20       000000
__Htext21                                 text21       000000
__Htext22                                 text22       000000
__Htext23                                 text23       000000
__Htext24                                 text24       000000
__Htext25                                 text25       000000
__Htext26                                 text26       000000
__Htext27                                 text27       000000
__Htext28                                 text28       000000
__Htext29                                 text29       000000
__Htext3                                  text3        000000
__Htext30                                 text30       000000
__Htext31                                 text31       000000
__Htext32                                 text32       000000
__Htext33                                 text33       000000
__Htext4                                  text4        000000
__Htext5                                  text5        000000
__Htext6                                  text6        000000
__Htext7                                  text7        000000
__Htext8                                  text8        000000
__Htext9                                  text9        000000
__LRAM                                    (abs)        000001
__Labs1                                   abs1         000000
__Lbank0                                  bank0        000000
__Lbank1                                  bank1        000000
__Lbank10                                 bank10       000000
__Lbank11                                 bank11       000000
__Lbank12                                 bank12       000000
__Lbank13                                 bank13       000000
__Lbank14                                 bank14       000000
__Lbank2                                  bank2        000000
__Lbank3                                  bank3        000000
__Lbank4                                  bank4        000000
__Lbank5                                  bank5        000000
__Lbank6                                  bank6        000000
__Lbank7                                  bank7        000000
__Lbank8                                  bank8        000000
__Lbank9                                  bank9        000000
__Lbigbss                                 bigbss       000000
__Lbigdata                                bigdata      000000
__Lbigram                                 bigram       000000
__Lbss                                    bss          000000
__LbssBANK0                               bssBANK0     000000
__LbssCOMRAM                              bssCOMRAM    000000
__Lcinit                                  cinit        000000
__Lclrtext                                clrtext      000000
__Lcomram                                 comram       000000
__Lconfig                                 config       300000
__Lconst                                  const        000000
__LcstackBANK0                            cstackBANK0  000000
__LcstackCOMRAM                           cstackCOMRAM 000000
__Ldata                                   data         000000
__Leeprom_data                            eeprom_data  000000
__Lfarbss                                 farbss       000000
__Lfardata                                fardata      000000
__Libigdata                               ibigdata     000000
__Lidata                                  idata        000000
__Lidloc                                  idloc        200000
__Lifardata                               ifardata     000000
__Linit                                   init         0000D2
__Lintcode                                intcode      000008
__Lintcode_body                           intcode_body 000000
__Lintcodelo                              intcodelo    0000D2
__Lintentry                               intentry     000000
__Lintret                                 intret       000000
__Lintsave_regs                           intsave_regs 000000
__Lirdata                                 irdata       000000
__Lmediumconst                            mediumconst  000000
__LnvBANK0                                nvBANK0      000000
__LnvCOMRAM                               nvCOMRAM     000000
__LnvFARRAM                               nvFARRAM     000000
__Lnvbit                                  nvbit        000000
__Lnvrram                                 nvrram       000000
__Lparam                                  rparam       000000
__Lpowerup                                powerup      0000D2
__Lram                                    ram          000000
__Lramtop                                 ramtop       000F00
__Lrbit                                   rbit         000000
__Lrbss                                   rbss         000000
__Lrdata                                  rdata        000000
__Lreset_vec                              reset_vec    000000
__Lrparam                                 rparam       000000
__Lsfr                                    sfr          000000
__Lsmallconst                             smallconst   000000
__Lspace_0                                (abs)        000000
__Lspace_1                                (abs)        000000
__Lspace_2                                (abs)        000000
__Lstack                                  stack        000000
__Lstruct                                 struct       000000
__Ltemp                                   temp         00004A
__Ltext                                   text         000000
__Ltext0                                  text0        000000
__Ltext1                                  text1        000000
__Ltext10                                 text10       000000
__Ltext11                                 text11       000000
__Ltext12                                 text12       000000
__Ltext13                                 text13       000000
__Ltext14                                 text14       000000
__Ltext15                                 text15       000000
__Ltext16                                 text16       000000
__Ltext17                                 text17       000000
__Ltext19                                 text19       000000
__Ltext2                                  text2        000000
__Ltext20                                 text20       000000
__Ltext21                                 text21       000000
__Ltext22                                 text22       000000
__Ltext23                                 text23       000000
__Ltext24                                 text24       000000
__Ltext25                                 text25       000000
__Ltext26                                 text26       000000
__Ltext27                                 text27       000000
__Ltext28                                 text28       000000
__Ltext29                                 text29       000000
__Ltext3                                  text3        000000
__Ltext30                                 text30       000000
__Ltext31                                 text31       000000
__Ltext32                                 text32       000000
__Ltext33                                 text33       000000
__Ltext4                                  text4        000000
__Ltext5                                  text5        000000
__Ltext6                                  text6        000000
__Ltext7                                  text7        000000
__Ltext8                                  text8        000000
__Ltext9                                  text9        000000
__S0                                      (abs)        30000E
__S1                                      (abs)        00008F
__S2                                      (abs)        000000
___inthi_sp                               stack        000000
___intlo_sp                               stack        000000
___param_bank                             (abs)        000000
___rparam_used                            (abs)        000001
___sp                                     stack        000000
__accesstop                               (abs)        000060
__activetblptr                            (abs)        000002
__end_of_ADC_Initialize                   text14       000BEE
__end_of_CAN_transmit                     text16       000424
__end_of_CCP2_CaptureISR                  text32       0009A4
__end_of_CCP2_Initialize                  text13       000BC0
__end_of_ECAN_Initialize                  text12       0008CE
__end_of_EXT_INT_Initialize               text9        000B3A
__end_of_I2C_BusCollisionISR              text31       000C42
__end_of_I2C_FunctionComplete             text30       000BD8
__end_of_I2C_ISR                          text28       000642
__end_of_I2C_Initialize                   text8        000AC8
__end_of_I2C_Stop                         text29       000C2E
__end_of_INT0_CallBack                    text26       000B86
__end_of_INT0_DefaultInterruptHandler     text27       000C40
__end_of_INT0_ISR                         text25       000C26
__end_of_INT0_SetInterruptHandler         text11       000C1E
__end_of_INT1_CallBack                    text23       000B60
__end_of_INT1_DefaultInterruptHandler     text24       000C3E
__end_of_INT1_GetInterruptState           text15       000C3A
__end_of_INT1_ISR                         text21       000A2E
__end_of_INT1_SetInterruptHandler         text10       000C14
__end_of_INTERRUPT_Initialize             text7        000C36
__end_of_INTERRUPT_InterruptManager       intcode      0000D2
__end_of_OSCILLATOR_Initialize            text6        000C00
__end_of_PIN_MANAGER_Initialize           text5        000A9E
__end_of_SYSTEM_Initialize                text1        000B14
__end_of_TMR1_DefaultInterruptHandler     text20       000C3C
__end_of_TMR1_ISR                         text19       0009EC
__end_of_TMR1_Initialize                  text2        000A68
__end_of_TMR1_ReadTimer                   text22       000BA6
__end_of_TMR1_SetInterruptHandler         text4        000C0A
__end_of_TMR1_StartTimer                  text3        000C32
__end_of__initialization                  cinit        000AE0
__end_of_convertCANid2Reg                 text17       0007E0
__end_of_main                             text0        00093E
__initialization                          cinit        000AC8
__mediumconst                             mediumconst  000000
__pbssBANK0                               bssBANK0     000075
__pbssCOMRAM                              bssCOMRAM    000029
__pcinit                                  cinit        000AC8
__pcstackBANK0                            cstackBANK0  000060
__pcstackCOMRAM                           cstackCOMRAM 000001
__pintcode                                intcode      000008
__pnvBANK0                                nvBANK0      000089
__pnvCOMRAM                               nvCOMRAM     000048
__ptext0                                  text0        0008CE
__ptext1                                  text1        000AEE
__ptext10                                 text10       000C0A
__ptext11                                 text11       000C14
__ptext12                                 text12       0007E0
__ptext13                                 text13       000BA6
__ptext14                                 text14       000BD8
__ptext15                                 text15       000C36
__ptext16                                 text16       0000D6
__ptext17                                 text17       000642
__ptext19                                 text19       0009A4
__ptext2                                  text2        000A2E
__ptext20                                 text20       000C3A
__ptext21                                 text21       0009EC
__ptext22                                 text22       000B86
__ptext23                                 text23       000B3A
__ptext24                                 text24       000C3C
__ptext25                                 text25       000C1E
__ptext26                                 text26       000B60
__ptext27                                 text27       000C3E
__ptext28                                 text28       000424
__ptext29                                 text29       000C26
__ptext3                                  text3        000C2E
__ptext30                                 text30       000BC0
__ptext31                                 text31       000C40
__ptext32                                 text32       00093E
__ptext33                                 text33       000000
__ptext4                                  text4        000C00
__ptext5                                  text5        000A68
__ptext6                                  text6        000BEE
__ptext7                                  text7        000C32
__ptext8                                  text8        000A9E
__ptext9                                  text9        000B14
__ramtop                                  ramtop       000F00
__size_of_ADC_Initialize                  (abs)        000000
__size_of_CAN_transmit                    (abs)        000000
__size_of_CCP2_CaptureISR                 (abs)        000000
__size_of_CCP2_Initialize                 (abs)        000000
__size_of_ECAN_Initialize                 (abs)        000000
__size_of_EXT_INT_Initialize              (abs)        000000
__size_of_I2C_BusCollisionISR             (abs)        000000
__size_of_I2C_FunctionComplete            (abs)        000000
__size_of_I2C_ISR                         (abs)        000000
__size_of_I2C_Initialize                  (abs)        000000
__size_of_I2C_Stop                        (abs)        000000
__size_of_INT0_CallBack                   (abs)        000000
__size_of_INT0_DefaultInterruptHandler    (abs)        000000
__size_of_INT0_ISR                        (abs)        000000
__size_of_INT0_SetInterruptHandler        (abs)        000000
__size_of_INT1_CallBack                   (abs)        000000
__size_of_INT1_DefaultInterruptHandler    (abs)        000000
__size_of_INT1_GetInterruptState          (abs)        000000
__size_of_INT1_ISR                        (abs)        000000
__size_of_INT1_SetInterruptHandler        (abs)        000000
__size_of_INTERRUPT_Initialize            (abs)        000000
__size_of_INTERRUPT_InterruptManager      (abs)        000000
__size_of_OSCILLATOR_Initialize           (abs)        000000
__size_of_PIN_MANAGER_Initialize          (abs)        000000
__size_of_SYSTEM_Initialize               (abs)        000000
__size_of_TMR1_DefaultInterruptHandler    (abs)        000000
__size_of_TMR1_ISR                        (abs)        000000
__size_of_TMR1_Initialize                 (abs)        000000
__size_of_TMR1_ReadTimer                  (abs)        000000
__size_of_TMR1_SetInterruptHandler        (abs)        000000
__size_of_TMR1_StartTimer                 (abs)        000000
__size_of_convertCANid2Reg                (abs)        000000
__size_of_main                            (abs)        000000
__smallconst                              smallconst   000000
_convertCANid2Reg                         text17       000642
_cycle_num                                bssCOMRAM    000045
_ext_int0_cur_state                       bssCOMRAM    00003C
_ext_int0_timer                           bssBANK0     000075
_ext_int0_timing                          bssCOMRAM    00003E
_ext_int1_cur_state                       bssCOMRAM    00003D
_ext_int1_timer                           bssCOMRAM    000030
_ext_int1_timing                          bssCOMRAM    00003F
_i2c_object                               bssCOMRAM    000029
_i2c_state                                bssCOMRAM    000043
_i2c_tr_queue                             bssBANK0     000083
_i2c_trb_count                            bssCOMRAM    000042
_main                                     text0        0008CE
_p_i2c_current                            bssCOMRAM    000034
_p_i2c_trb_current                        bssCOMRAM    000036
_prev_reading                             bssCOMRAM    000038
_read_available                           bssCOMRAM    000044
_time_diff                                bssCOMRAM    00003A
_timer1ReloadVal                          nvCOMRAM     000048
btemp                                     temp         00004A
convertCANid2Reg@canIdType                cstackCOMRAM 000019
convertCANid2Reg@passedInEIDH             cstackCOMRAM 00001A
convertCANid2Reg@passedInEIDL             cstackCOMRAM 00001C
convertCANid2Reg@passedInSIDH             cstackCOMRAM 00001E
convertCANid2Reg@passedInSIDL             cstackCOMRAM 000020
convertCANid2Reg@tempPassedInID           cstackCOMRAM 000015
convertCANid2Reg@wipSIDL                  cstackCOMRAM 000026
end_of_initialization                     cinit        000AE0
int$flags                                 temp         00004A
intlevel0                                 text         000000
intlevel1                                 text         000000
intlevel2                                 text         000000
intlevel3                                 text         000000
main@int1_state                           cstackBANK0  000065
main@message                              cstackBANK0  000066
main@test                                 cstackBANK0  000067
stackhi                                   (abs)        000E40
stacklo                                   (abs)        00008F
start                                     init         0000D2
start_initialization                      cinit        000AC8


FUNCTION INFORMATION:

 *************** function _main *****************
 Defined at:
		line 50 in file "main.c"
 Parameters:    Size  Location     Type
		None
 Auto vars:     Size  Location     Type
  test           14    7[BANK0 ] struct .
  message         1    6[BANK0 ] unsigned char 
  int1_state      1    5[BANK0 ] unsigned char 
 Return value:  Size  Location     Type
                  1    wreg      void 
 Registers used:
		wreg, fsr2l, fsr2h, status,2, status,0, cstack
 Tracked objects:
		On entry : 
		On exit  : 
		Unchanged: 
 Data sizes:     COMRAM   BANK0   BANK1   BANK2   BANK3   BANK4   BANK5   BANK6   BANK7   BANK8   BANK9  BANK10  BANK11  BANK12  BANK13  BANK14
      Params:         0       0       0       0       0       0       0       0       0       0       0       0       0       0       0       0
      Locals:         0      16       0       0       0       0       0       0       0       0       0       0       0       0       0       0
      Temps:          0       0       0       0       0       0       0       0       0       0       0       0       0       0       0       0
      Totals:         0      16       0       0       0       0       0       0       0       0       0       0       0       0       0       0
Total ram usage:       16 bytes
 Hardware stack levels required when called:    7
 This function calls:
		_CAN_transmit
		_INT1_GetInterruptState
		_SYSTEM_Initialize
 This function is called by:
		Startup code after reset
 This function uses a non-reentrant model


 *************** function _SYSTEM_Initialize *****************
 Defined at:
		line 111 in file "mcc_generated_files/mcc.c"
 Parameters:    Size  Location     Type
		None
 Auto vars:     Size  Location     Type
		None
 Return value:  Size  Location     Type
                  1    wreg      void 
 Registers used:
		wreg, status,2, status,0, cstack
 Tracked objects:
		On entry : 
		On exit  : 
		Unchanged: 
 Data sizes:     COMRAM   BANK0   BANK1   BANK2   BANK3   BANK4   BANK5   BANK6   BANK7   BANK8   BANK9  BANK10  BANK11  BANK12  BANK13  BANK14
      Params:         0       0       0       0       0       0       0       0       0       0       0       0       0       0       0       0
      Locals:         0       0       0       0       0       0       0       0       0       0       0       0       0       0       0       0
      Temps:          0       0       0       0       0       0       0       0       0       0       0       0       0       0       0       0
      Totals:         0       0       0       0       0       0       0       0       0       0       0       0       0       0       0       0
Total ram usage:        0 bytes
 Hardware stack levels used:    1
 Hardware stack levels required when called:    6
 This function calls:
		_ADC_Initialize
		_CCP2_Initialize
		_ECAN_Initialize
		_EXT_INT_Initialize
		_I2C_Initialize
		_INTERRUPT_Initialize
		_OSCILLATOR_Initialize
		_PIN_MANAGER_Initialize
		_TMR1_Initialize
 This function is called by:
		_main
 This function uses a non-reentrant model


 *************** function _TMR1_Initialize *****************
 Defined at:
		line 63 in file "mcc_generated_files/tmr1.c"
 Parameters:    Size  Location     Type
		None
 Auto vars:     Size  Location     Type
		None
 Return value:  Size  Location     Type
                  1    wreg      void 
 Registers used:
		wreg, status,2, status,0, cstack
 Tracked objects:
		On entry : 
		On exit  : 
		Unchanged: 
 Data sizes:     COMRAM   BANK0   BANK1   BANK2   BANK3   BANK4   BANK5   BANK6   BANK7   BANK8   BANK9  BANK10  BANK11  BANK12  BANK13  BANK14
      Params:         0       0       0       0       0       0       0       0       0       0       0       0       0       0       0       0
      Locals:         0       0       0       0       0       0       0       0       0       0       0       0       0       0       0       0
      Temps:          2       0       0       0       0       0       0       0       0       0       0       0       0       0       0       0
      Totals:         2       0       0       0       0       0       0       0       0       0       0       0       0       0       0       0
Total ram usage:        2 bytes
 Hardware stack levels used:    1
 Hardware stack levels required when called:    5
 This function calls:
		_TMR1_SetInterruptHandler
		_TMR1_StartTimer
 This function is called by:
		_SYSTEM_Initialize
 This function uses a non-reentrant model


 *************** function _TMR1_StartTimer *****************
 Defined at:
		line 95 in file "mcc_generated_files/tmr1.c"
 Parameters:    Size  Location     Type
		None
 Auto vars:     Size  Location     Type
		None
 Return value:  Size  Location     Type
                  1    wreg      void 
 Registers used:
		None
 Tracked objects:
		On entry : 
		On exit  : 
		Unchanged: 
 Data sizes:     COMRAM   BANK0   BANK1   BANK2   BANK3   BANK4   BANK5   BANK6   BANK7   BANK8   BANK9  BANK10  BANK11  BANK12  BANK13  BANK14
      Params:         0       0       0       0       0       0       0       0       0       0       0       0       0       0       0       0
      Locals:         0       0       0       0       0       0       0       0       0       0       0       0       0       0       0       0
      Temps:          0       0       0       0       0       0       0       0       0       0       0       0       0       0       0       0
      Totals:         0       0       0       0       0       0       0       0       0       0       0       0       0       0       0       0
Total ram usage:        0 bytes
 Hardware stack levels used:    1
 Hardware stack levels required when called:    4
 This function calls:
		Nothing
 This function is called by:
		_TMR1_Initialize
 This function uses a non-reentrant model


 *************** function _TMR1_SetInterruptHandler *****************
 Defined at:
		line 173 in file "mcc_generated_files/tmr1.c"
 Parameters:    Size  Location     Type
  InterruptHan    2   20[COMRAM] PTR void 
		 -> TMR1_DefaultInterruptHandler(1), 
 Auto vars:     Size  Location     Type
		None
 Return value:  Size  Location     Type
                  1    wreg      void 
 Registers used:
		wreg, status,2, status,0
 Tracked objects:
		On entry : 
		On exit  : 
		Unchanged: 
 Data sizes:     COMRAM   BANK0   BANK1   BANK2   BANK3   BANK4   BANK5   BANK6   BANK7   BANK8   BANK9  BANK10  BANK11  BANK12  BANK13  BANK14
      Params:         2       0       0       0       0       0       0       0       0       0       0       0       0       0       0       0
      Locals:         0       0       0       0       0       0       0       0       0       0       0       0       0       0       0       0
      Temps:          0       0       0       0       0       0       0       0       0       0       0       0       0       0       0       0
      Totals:         2       0       0       0       0       0       0       0       0       0       0       0       0       0       0       0
Total ram usage:        2 bytes
 Hardware stack levels used:    1
 Hardware stack levels required when called:    4
 This function calls:
		Nothing
 This function is called by:
		_TMR1_Initialize
 This function uses a non-reentrant model


 *************** function _PIN_MANAGER_Initialize *****************
 Defined at:
		line 51 in file "mcc_generated_files/pin_manager.c"
 Parameters:    Size  Location     Type
		None
 Auto vars:     Size  Location     Type
		None
 Return value:  Size  Location     Type
                  1    wreg      void 
 Registers used:
		wreg, status,2
 Tracked objects:
		On entry : 
		On exit  : 
		Unchanged: 
 Data sizes:     COMRAM   BANK0   BANK1   BANK2   BANK3   BANK4   BANK5   BANK6   BANK7   BANK8   BANK9  BANK10  BANK11  BANK12  BANK13  BANK14
      Params:         0       0       0       0       0       0       0       0       0       0       0       0       0       0       0       0
      Locals:         0       0       0       0       0       0       0       0       0       0       0       0       0       0       0       0
      Temps:          0       0       0       0       0       0       0       0       0       0       0       0       0       0       0       0
      Totals:         0       0       0       0       0       0       0       0       0       0       0       0       0       0       0       0
Total ram usage:        0 bytes
 Hardware stack levels used:    1
 Hardware stack levels required when called:    4
 This function calls:
		Nothing
 This function is called by:
		_SYSTEM_Initialize
 This function uses a non-reentrant model


 *************** function _OSCILLATOR_Initialize *****************
 Defined at:
		line 126 in file "mcc_generated_files/mcc.c"
 Parameters:    Size  Location     Type
		None
 Auto vars:     Size  Location     Type
		None
 Return value:  Size  Location     Type
                  1    wreg      void 
 Registers used:
		wreg, status,2
 Tracked objects:
		On entry : 
		On exit  : 
		Unchanged: 
 Data sizes:     COMRAM   BANK0   BANK1   BANK2   BANK3   BANK4   BANK5   BANK6   BANK7   BANK8   BANK9  BANK10  BANK11  BANK12  BANK13  BANK14
      Params:         0       0       0       0       0       0       0       0       0       0       0       0       0       0       0       0
      Locals:         0       0       0       0       0       0       0       0       0       0       0       0       0       0       0       0
      Temps:          0       0       0       0       0       0       0       0       0       0       0       0       0       0       0       0
      Totals:         0       0       0       0       0       0       0       0       0       0       0       0       0       0       0       0
Total ram usage:        0 bytes
 Hardware stack levels used:    1
 Hardware stack levels required when called:    4
 This function calls:
		Nothing
 This function is called by:
		_SYSTEM_Initialize
 This function uses a non-reentrant model


 *************** function _INTERRUPT_Initialize *****************
 Defined at:
		line 51 in file "mcc_generated_files/interrupt_manager.c"
 Parameters:    Size  Location     Type
		None
 Auto vars:     Size  Location     Type
		None
 Return value:  Size  Location     Type
                  1    wreg      void 
 Registers used:
		None
 Tracked objects:
		On entry : 
		On exit  : 
		Unchanged: 
 Data sizes:     COMRAM   BANK0   BANK1   BANK2   BANK3   BANK4   BANK5   BANK6   BANK7   BANK8   BANK9  BANK10  BANK11  BANK12  BANK13  BANK14
      Params:         0       0       0       0       0       0       0       0       0       0       0       0       0       0       0       0
      Locals:         0       0       0       0       0       0       0       0       0       0       0       0       0       0       0       0
      Temps:          0       0       0       0       0       0       0       0       0       0       0       0       0       0       0       0
      Totals:         0       0       0       0       0       0       0       0       0       0       0       0       0       0       0       0
Total ram usage:        0 bytes
 Hardware stack levels used:    1
 Hardware stack levels required when called:    4
 This function calls:
		Nothing
 This function is called by:
		_SYSTEM_Initialize
 This function uses a non-reentrant model


 *************** function _I2C_Initialize *****************
 Defined at:
		line 198 in file "mcc_generated_files/i2c.c"
 Parameters:    Size  Location     Type
		None
 Auto vars:     Size  Location     Type
		None
 Return value:  Size  Location     Type
                  1    wreg      void 
 Registers used:
		wreg, status,2, status,0
 Tracked objects:
		On entry : 
		On exit  : 
		Unchanged: 
 Data sizes:     COMRAM   BANK0   BANK1   BANK2   BANK3   BANK4   BANK5   BANK6   BANK7   BANK8   BANK9  BANK10  BANK11  BANK12  BANK13  BANK14
      Params:         0       0       0       0       0       0       0       0       0       0       0       0       0       0       0       0
      Locals:         0       0       0       0       0       0       0       0       0       0       0       0       0       0       0       0
      Temps:          0       0       0       0       0       0       0       0       0       0       0       0       0       0       0       0
      Totals:         0       0       0       0       0       0       0       0       0       0       0       0       0       0       0       0
Total ram usage:        0 bytes
 Hardware stack levels used:    1
 Hardware stack levels required when called:    4
 This function calls:
		Nothing
 This function is called by:
		_SYSTEM_Initialize
 This function uses a non-reentrant model


 *************** function _EXT_INT_Initialize *****************
 Defined at:
		line 167 in file "mcc_generated_files/ext_int.c"
 Parameters:    Size  Location     Type
		None
 Auto vars:     Size  Location     Type
		None
 Return value:  Size  Location     Type
                  1    wreg      void 
 Registers used:
		wreg, status,2, status,0, cstack
 Tracked objects:
		On entry : 
		On exit  : 
		Unchanged: 
 Data sizes:     COMRAM   BANK0   BANK1   BANK2   BANK3   BANK4   BANK5   BANK6   BANK7   BANK8   BANK9  BANK10  BANK11  BANK12  BANK13  BANK14
      Params:         0       0       0       0       0       0       0       0       0       0       0       0       0       0       0       0
      Locals:         0       0       0       0       0       0       0       0       0       0       0       0       0       0       0       0
      Temps:          0       0       0       0       0       0       0       0       0       0       0       0       0       0       0       0
      Totals:         0       0       0       0       0       0       0       0       0       0       0       0       0       0       0       0
Total ram usage:        0 bytes
 Hardware stack levels used:    1
 Hardware stack levels required when called:    5
 This function calls:
		_INT0_SetInterruptHandler
		_INT1_SetInterruptHandler
 This function is called by:
		_SYSTEM_Initialize
 This function uses a non-reentrant model


 *************** function _INT1_SetInterruptHandler *****************
 Defined at:
		line 101 in file "mcc_generated_files/ext_int.c"
 Parameters:    Size  Location     Type
  InterruptHan    2   20[COMRAM] PTR void 
		 -> INT1_DefaultInterruptHandler(1), 
 Auto vars:     Size  Location     Type
		None
 Return value:  Size  Location     Type
                  1    wreg      void 
 Registers used:
		wreg, status,2, status,0
 Tracked objects:
		On entry : 
		On exit  : 
		Unchanged: 
 Data sizes:     COMRAM   BANK0   BANK1   BANK2   BANK3   BANK4   BANK5   BANK6   BANK7   BANK8   BANK9  BANK10  BANK11  BANK12  BANK13  BANK14
      Params:         2       0       0       0       0       0       0       0       0       0       0       0       0       0       0       0
      Locals:         0       0       0       0       0       0       0       0       0       0       0       0       0       0       0       0
      Temps:          0       0       0       0       0       0       0       0       0       0       0       0       0       0       0       0
      Totals:         2       0       0       0       0       0       0       0       0       0       0       0       0       0       0       0
Total ram usage:        2 bytes
 Hardware stack levels used:    1
 Hardware stack levels required when called:    4
 This function calls:
		Nothing
 This function is called by:
		_EXT_INT_Initialize
 This function uses a non-reentrant model


 *************** function _INT0_SetInterruptHandler *****************
 Defined at:
		line 142 in file "mcc_generated_files/ext_int.c"
 Parameters:    Size  Location     Type
  InterruptHan    2   20[COMRAM] PTR void 
		 -> INT0_DefaultInterruptHandler(1), 
 Auto vars:     Size  Location     Type
		None
 Return value:  Size  Location     Type
                  1    wreg      void 
 Registers used:
		wreg, status,2, status,0
 Tracked objects:
		On entry : 
		On exit  : 
		Unchanged: 
 Data sizes:     COMRAM   BANK0   BANK1   BANK2   BANK3   BANK4   BANK5   BANK6   BANK7   BANK8   BANK9  BANK10  BANK11  BANK12  BANK13  BANK14
      Params:         2       0       0       0       0       0       0       0       0       0       0       0       0       0       0       0
      Locals:         0       0       0       0       0       0       0       0       0       0       0       0       0       0       0       0
      Temps:          0       0       0       0       0       0       0       0       0       0       0       0       0       0       0       0
      Totals:         2       0       0       0       0       0       0       0       0       0       0       0       0       0       0       0
Total ram usage:        2 bytes
 Hardware stack levels used:    1
 Hardware stack levels required when called:    4
 This function calls:
		Nothing
 This function is called by:
		_EXT_INT_Initialize
 This function uses a non-reentrant model


 *************** function _ECAN_Initialize *****************
 Defined at:
		line 63 in file "mcc_generated_files/ecan.c"
 Parameters:    Size  Location     Type
		None
 Auto vars:     Size  Location     Type
		None
 Return value:  Size  Location     Type
                  1    wreg      void 
 Registers used:
		wreg, status,2, status,0
 Tracked objects:
		On entry : 
		On exit  : 
		Unchanged: 
 Data sizes:     COMRAM   BANK0   BANK1   BANK2   BANK3   BANK4   BANK5   BANK6   BANK7   BANK8   BANK9  BANK10  BANK11  BANK12  BANK13  BANK14
      Params:         0       0       0       0       0       0       0       0       0       0       0       0       0       0       0       0
      Locals:         0       0       0       0       0       0       0       0       0       0       0       0       0       0       0       0
      Temps:          1       0       0       0       0       0       0       0       0       0       0       0       0       0       0       0
      Totals:         1       0       0       0       0       0       0       0       0       0       0       0       0       0       0       0
Total ram usage:        1 bytes
 Hardware stack levels used:    1
 Hardware stack levels required when called:    4
 This function calls:
		Nothing
 This function is called by:
		_SYSTEM_Initialize
 This function uses a non-reentrant model


 *************** function _CCP2_Initialize *****************
 Defined at:
		line 57 in file "mcc_generated_files/ccp2.c"
 Parameters:    Size  Location     Type
		None
 Auto vars:     Size  Location     Type
		None
 Return value:  Size  Location     Type
                  1    wreg      void 
 Registers used:
		wreg, status,2
 Tracked objects:
		On entry : 
		On exit  : 
		Unchanged: 
 Data sizes:     COMRAM   BANK0   BANK1   BANK2   BANK3   BANK4   BANK5   BANK6   BANK7   BANK8   BANK9  BANK10  BANK11  BANK12  BANK13  BANK14
      Params:         0       0       0       0       0       0       0       0       0       0       0       0       0       0       0       0
      Locals:         0       0       0       0       0       0       0       0       0       0       0       0       0       0       0       0
      Temps:          0       0       0       0       0       0       0       0       0       0       0       0       0       0       0       0
      Totals:         0       0       0       0       0       0       0       0       0       0       0       0       0       0       0       0
Total ram usage:        0 bytes
 Hardware stack levels used:    1
 Hardware stack levels required when called:    4
 This function calls:
		Nothing
 This function is called by:
		_SYSTEM_Initialize
 This function uses a non-reentrant model


 *************** function _ADC_Initialize *****************
 Defined at:
		line 58 in file "mcc_generated_files/adc.c"
 Parameters:    Size  Location     Type
		None
 Auto vars:     Size  Location     Type
		None
 Return value:  Size  Location     Type
                  1    wreg      void 
 Registers used:
		wreg, status,2
 Tracked objects:
		On entry : 
		On exit  : 
		Unchanged: 
 Data sizes:     COMRAM   BANK0   BANK1   BANK2   BANK3   BANK4   BANK5   BANK6   BANK7   BANK8   BANK9  BANK10  BANK11  BANK12  BANK13  BANK14
      Params:         0       0       0       0       0       0       0       0       0       0       0       0       0       0       0       0
      Locals:         0       0       0       0       0       0       0       0       0       0       0       0       0       0       0       0
      Temps:          0       0       0       0       0       0       0       0       0       0       0       0       0       0       0       0
      Totals:         0       0       0       0       0       0       0       0       0       0       0       0       0       0       0       0
Total ram usage:        0 bytes
 Hardware stack levels used:    1
 Hardware stack levels required when called:    4
 This function calls:
		Nothing
 This function is called by:
		_SYSTEM_Initialize
 This function uses a non-reentrant model


 *************** function _INT1_GetInterruptState *****************
 Defined at:
		line 154 in file "mcc_generated_files/ext_int.c"
 Parameters:    Size  Location     Type
		None
 Auto vars:     Size  Location     Type
		None
 Return value:  Size  Location     Type
                  1    wreg      unsigned char 
 Registers used:
		wreg, status,2
 Tracked objects:
		On entry : 
		On exit  : 
		Unchanged: 
 Data sizes:     COMRAM   BANK0   BANK1   BANK2   BANK3   BANK4   BANK5   BANK6   BANK7   BANK8   BANK9  BANK10  BANK11  BANK12  BANK13  BANK14
      Params:         0       0       0       0       0       0       0       0       0       0       0       0       0       0       0       0
      Locals:         0       0       0       0       0       0       0       0       0       0       0       0       0       0       0       0
      Temps:          0       0       0       0       0       0       0       0       0       0       0       0       0       0       0       0
      Totals:         0       0       0       0       0       0       0       0       0       0       0       0       0       0       0       0
Total ram usage:        0 bytes
 Hardware stack levels used:    1
 Hardware stack levels required when called:    4
 This function calls:
		Nothing
 This function is called by:
		_main
 This function uses a non-reentrant model


 *************** function _CAN_transmit *****************
 Defined at:
		line 167 in file "mcc_generated_files/ecan.c"
 Parameters:    Size  Location     Type
  tempCanMsg      2   38[COMRAM] PTR struct .
		 -> main@test(14), 
 Auto vars:     Size  Location     Type
  tempSIDL        1    4[BANK0 ] unsigned char 
  tempSIDH        1    3[BANK0 ] unsigned char 
  tempEIDL        1    2[BANK0 ] unsigned char 
  tempEIDH        1    1[BANK0 ] unsigned char 
  returnValue     1    0[BANK0 ] unsigned char 
 Return value:  Size  Location     Type
                  1    wreg      unsigned char 
 Registers used:
		wreg, fsr2l, fsr2h, status,2, status,0, cstack
 Tracked objects:
		On entry : 
		On exit  : 
		Unchanged: 
 Data sizes:     COMRAM   BANK0   BANK1   BANK2   BANK3   BANK4   BANK5   BANK6   BANK7   BANK8   BANK9  BANK10  BANK11  BANK12  BANK13  BANK14
      Params:         2       0       0       0       0       0       0       0       0       0       0       0       0       0       0       0
      Locals:         0       5       0       0       0       0       0       0       0       0       0       0       0       0       0       0
      Temps:          0       0       0       0       0       0       0       0       0       0       0       0       0       0       0       0
      Totals:         2       5       0       0       0       0       0       0       0       0       0       0       0       0       0       0
Total ram usage:        7 bytes
 Hardware stack levels used:    1
 Hardware stack levels required when called:    5
 This function calls:
		_convertCANid2Reg
 This function is called by:
		_main
 This function uses a non-reentrant model


 *************** function _convertCANid2Reg *****************
 Defined at:
		line 400 in file "mcc_generated_files/ecan.c"
 Parameters:    Size  Location     Type
  tempPassedIn    4   20[COMRAM] unsigned long 
  canIdType       1   24[COMRAM] unsigned char 
  passedInEIDH    2   25[COMRAM] PTR unsigned char 
		 -> CAN_transmit@tempEIDH(1), 
  passedInEIDL    2   27[COMRAM] PTR unsigned char 
		 -> CAN_transmit@tempEIDL(1), 
  passedInSIDH    2   29[COMRAM] PTR unsigned char 
		 -> CAN_transmit@tempSIDH(1), 
  passedInSIDL    2   31[COMRAM] PTR unsigned char 
		 -> CAN_transmit@tempSIDL(1), 
 Auto vars:     Size  Location     Type
  wipSIDL         1   37[COMRAM] unsigned char 
 Return value:  Size  Location     Type
                  1    wreg      void 
 Registers used:
		wreg, fsr2l, fsr2h, status,2, status,0
 Tracked objects:
		On entry : 
		On exit  : 
		Unchanged: 
 Data sizes:     COMRAM   BANK0   BANK1   BANK2   BANK3   BANK4   BANK5   BANK6   BANK7   BANK8   BANK9  BANK10  BANK11  BANK12  BANK13  BANK14
      Params:        13       0       0       0       0       0       0       0       0       0       0       0       0       0       0       0
      Locals:         1       0       0       0       0       0       0       0       0       0       0       0       0       0       0       0
      Temps:          4       0       0       0       0       0       0       0       0       0       0       0       0       0       0       0
      Totals:        18       0       0       0       0       0       0       0       0       0       0       0       0       0       0       0
Total ram usage:       18 bytes
 Hardware stack levels used:    1
 Hardware stack levels required when called:    4
 This function calls:
		Nothing
 This function is called by:
		_CAN_transmit
 This function uses a non-reentrant model


 *************** function _INTERRUPT_InterruptManager *****************
 Defined at:
		line 57 in file "mcc_generated_files/interrupt_manager.c"
 Parameters:    Size  Location     Type
		None
 Auto vars:     Size  Location     Type
		None
 Return value:  Size  Location     Type
                  1    wreg      void 
 Registers used:
		wreg, fsr2l, fsr2h, status,2, status,0, pclath, tosl, cstack
 Tracked objects:
		On entry : 
		On exit  : 
		Unchanged: 
 Data sizes:     COMRAM   BANK0   BANK1   BANK2   BANK3   BANK4   BANK5   BANK6   BANK7   BANK8   BANK9  BANK10  BANK11  BANK12  BANK13  BANK14
      Params:         0       0       0       0       0       0       0       0       0       0       0       0       0       0       0       0
      Locals:         0       0       0       0       0       0       0       0       0       0       0       0       0       0       0       0
      Temps:         14       0       0       0       0       0       0       0       0       0       0       0       0       0       0       0
      Totals:        14       0       0       0       0       0       0       0       0       0       0       0       0       0       0       0
Total ram usage:       14 bytes
 Hardware stack levels used:    1
 Hardware stack levels required when called:    3
 This function calls:
		_CCP2_CaptureISR
		_I2C_BusCollisionISR
		_I2C_ISR
		_INT0_ISR
		_INT1_ISR
		_TMR1_ISR
 This function is called by:
		Interrupt level 2
 This function uses a non-reentrant model


 *************** function _TMR1_ISR *****************
 Defined at:
		line 155 in file "mcc_generated_files/tmr1.c"
 Parameters:    Size  Location     Type
		None
 Auto vars:     Size  Location     Type
		None
[...]
		On entry : 
		On exit  : 
		Unchanged: 
 Data sizes:     COMRAM   BANK0   BANK1   BANK2   BANK3   BANK4   BANK5   BANK6   BANK7   BANK8   BANK9  BANK10  BANK11  BANK12  BANK13  BANK14
      Params:         0       0       0       0       0       0       0       0       0       0       0       0       0       0       0       0
      Locals:         0       0       0       0       0       0       0       0       0       0       0       0       0       0       0       0
      Temps:          0       0       0       0       0       0       0       0       0       0       0       0       0       0       0       0
      Totals:         0       0       0       0       0       0       0       0       0       0       0       0       0       0       0       0
Total ram usage:        0 bytes
 Hardware stack levels used:    1
 This function calls:
		Nothing
 This function is called by:
		_TMR1_Initialize
		_TMR1_ISR
 This function uses a non-reentrant model


 *************** function _INT1_ISR *****************
 Defined at:
		line 53 in file "mcc_generated_files/ext_int.c"
 Parameters:    Size  Location     Type
		None
 Auto vars:     Size  Location     Type
		None
 Return value:  Size  Location     Type
                  1    wreg      void 
 Registers used:
		wreg, status,2, status,0, pclath, tosl, cstack
 Tracked objects:
		On entry : 
		On exit  : 
		Unchanged: 
 Data sizes:     COMRAM   BANK0   BANK1   BANK2   BANK3   BANK4   BANK5   BANK6   BANK7   BANK8   BANK9  BANK10  BANK11  BANK12  BANK13  BANK14
      Params:         0       0       0       0       0       0       0       0       0       0       0       0       0       0       0       0
      Locals:         0       0       0       0       0       0       0       0       0       0       0       0       0       0       0       0
      Temps:          0       0       0       0       0       0       0       0       0       0       0       0       0       0       0       0
      Totals:         0       0       0       0       0       0       0       0       0       0       0       0       0       0       0       0
Total ram usage:        0 bytes
 Hardware stack levels used:    1
 Hardware stack levels required when called:    2
 This function calls:
		_INT1_CallBack
		_TMR1_ReadTimer
 This function is called by:
		_INTERRUPT_InterruptManager
 This function uses a non-reentrant model


 *************** function _TMR1_ReadTimer *****************
 Defined at:
		line 107 in file "mcc_generated_files/tmr1.c"
 Parameters:    Size  Location     Type
		None
 Auto vars:     Size  Location     Type
  readVal         2    4[COMRAM] unsigned int 
 Return value:  Size  Location     Type
                  2    0[COMRAM] unsigned int 
 Registers used:
		wreg, status,2, status,0
 Tracked objects:
		On entry : 
		On exit  : 
		Unchanged: 
 Data sizes:     COMRAM   BANK0   BANK1   BANK2   BANK3   BANK4   BANK5   BANK6   BANK7   BANK8   BANK9  BANK10  BANK11  BANK12  BANK13  BANK14
      Params:         2       0       0       0       0       0       0       0       0       0       0       0       0       0       0       0
      Locals:         2       0       0       0       0       0       0       0       0       0       0       0       0       0       0       0
      Temps:          2       0       0       0       0       0       0       0       0       0       0       0       0       0       0       0
      Totals:         6       0       0       0       0       0       0       0       0       0       0       0       0       0       0       0
Total ram usage:        6 bytes
 Hardware stack levels used:    1
 This function calls:
		Nothing
 This function is called by:
		_INT1_ISR
 This function uses a non-reentrant model


 *************** function _INT1_CallBack *****************
 Defined at:
		line 88 in file "mcc_generated_files/ext_int.c"
 Parameters:    Size  Location     Type
		None
 Auto vars:     Size  Location     Type
		None
 Return value:  Size  Location     Type
                  1    wreg      void 
 Registers used:
		wreg, status,2, status,0, pclath, tosl, cstack
 Tracked objects:
		On entry : 
		On exit  : 
		Unchanged: 
 Data sizes:     COMRAM   BANK0   BANK1   BANK2   BANK3   BANK4   BANK5   BANK6   BANK7   BANK8   BANK9  BANK10  BANK11  BANK12  BANK13  BANK14
      Params:         0       0       0       0       0       0       0       0       0       0       0       0       0       0       0       0
      Locals:         0       0       0       0       0       0       0       0       0       0       0       0       0       0       0       0
      Temps:          0       0       0       0       0       0       0       0       0       0       0       0       0       0       0       0
      Totals:         0       0       0       0       0       0       0       0       0       0       0       0       0       0       0       0
Total ram usage:        0 bytes
 Hardware stack levels used:    1
 Hardware stack levels required when called:    1
 This function calls:
		Absolute function
		_INT1_DefaultInterruptHandler
 This function is called by:
		_INT1_ISR
 This function uses a non-reentrant model


 *************** function _INT1_DefaultInterruptHandler *****************
 Defined at:
		line 108 in file "mcc_generated_files/ext_int.c"
 Parameters:    Size  Location     Type
		None
 Auto vars:     Size  Location     Type
		None
 Return value:  Size  Location     Type
                  1    wreg      void 
 Registers used:
		None
 Tracked objects:
		On entry : 
		On exit  : 
		Unchanged: 
 Data sizes:     COMRAM   BANK0   BANK1   BANK2   BANK3   BANK4   BANK5   BANK6   BANK7   BANK8   BANK9  BANK10  BANK11  BANK12  BANK13  BANK14
      Params:         0       0       0       0       0       0       0       0       0       0       0       0       0       0       0       0
      Locals:         0       0       0       0       0       0       0       0       0       0       0       0       0       0       0       0
      Temps:          0       0       0       0       0       0       0       0       0       0       0       0       0       0       0       0
      Totals:         0       0       0       0       0       0       0       0       0       0       0       0       0       0       0       0
Total ram usage:        0 bytes
 Hardware stack levels used:    1
 This function calls:
		Nothing
 This function is called by:
		_EXT_INT_Initialize
		_INT1_CallBack
 This function uses a non-reentrant model


 *************** function _INT0_ISR *****************
 Defined at:
		line 115 in file "mcc_generated_files/ext_int.c"
 Parameters:    Size  Location     Type
		None
 Auto vars:     Size  Location     Type
		None
 Return value:  Size  Location     Type
                  1    wreg      void 
 Registers used:
		wreg, status,2, status,0, pclath, tosl, cstack
 Tracked objects:
		On entry : 
		On exit  : 
		Unchanged: 
 Data sizes:     COMRAM   BANK0   BANK1   BANK2   BANK3   BANK4   BANK5   BANK6   BANK7   BANK8   BANK9  BANK10  BANK11  BANK12  BANK13  BANK14
      Params:         0       0       0       0       0       0       0       0       0       0       0       0       0       0       0       0
      Locals:         0       0       0       0       0       0       0       0       0       0       0       0       0       0       0       0
      Temps:          0       0       0       0       0       0       0       0       0       0       0       0       0       0       0       0
      Totals:         0       0       0       0       0       0       0       0       0       0       0       0       0       0       0       0
Total ram usage:        0 bytes
 Hardware stack levels used:    1
 Hardware stack levels required when called:    2
 This function calls:
		_INT0_CallBack
 This function is called by:
		_INTERRUPT_InterruptManager
 This function uses a non-reentrant model


 *************** function _INT0_CallBack *****************
 Defined at:
		line 130 in file "mcc_generated_files/ext_int.c"
 Parameters:    Size  Location     Type
		None
 Auto vars:     Size  Location     Type
		None
 Return value:  Size  Location     Type
                  1    wreg      void 
 Registers used:
		wreg, status,2, status,0, pclath, tosl, cstack
 Tracked objects:
		On entry : 
		On exit  : 
		Unchanged: 
 Data sizes:     COMRAM   BANK0   BANK1   BANK2   BANK3   BANK4   BANK5   BANK6   BANK7   BANK8   BANK9  BANK10  BANK11  BANK12  BANK13  BANK14
      Params:         0       0       0       0       0       0       0       0       0       0       0       0       0       0       0       0
      Locals:         0       0       0       0       0       0       0       0       0       0       0       0       0       0       0       0
      Temps:          0       0       0       0       0       0       0       0       0       0       0       0       0       0       0       0
      Totals:         0       0       0       0       0       0       0       0       0       0       0       0       0       0       0       0
Total ram usage:        0 bytes
 Hardware stack levels used:    1
 Hardware stack levels required when called:    1
 This function calls:
		Absolute function
		_INT0_DefaultInterruptHandler
 This function is called by:
		_INT0_ISR
 This function uses a non-reentrant model


 *************** function _INT0_DefaultInterruptHandler *****************
 Defined at:
		line 149 in file "mcc_generated_files/ext_int.c"
 Parameters:    Size  Location     Type
		None
 Auto vars:     Size  Location     Type
		None
 Return value:  Size  Location     Type
                  1    wreg      void 
 Registers used:
		None
 Tracked objects:
		On entry : 
		On exit  : 
		Unchanged: 
 Data sizes:     COMRAM   BANK0   BANK1   BANK2   BANK3   BANK4   BANK5   BANK6   BANK7   BANK8   BANK9  BANK10  BANK11  BANK12  BANK13  BANK14
      Params:         0       0       0       0       0       0       0       0       0       0       0       0       0       0       0       0
      Locals:         0       0       0       0       0       0       0       0       0       0       0       0       0       0       0       0
      Temps:          0       0       0       0       0       0       0       0       0       0       0       0       0       0       0       0
      Totals:         0       0       0       0       0       0       0       0       0       0       0       0       0       0       0       0
Total ram usage:        0 bytes
 Hardware stack levels used:    1
 This function calls:
		Nothing
 This function is called by:
		_EXT_INT_Initialize
		_INT0_CallBack
 This function uses a non-reentrant model


 *************** function _I2C_ISR *****************
 Defined at:
		line 231 in file "mcc_generated_files/i2c.c"
 Parameters:    Size  Location     Type
		None
 Auto vars:     Size  Location     Type
		None
 Return value:  Size  Location     Type
                  1    wreg      void 
 Registers used:
		wreg, fsr2l, fsr2h, status,2, status,0, cstack
 Tracked objects:
		On entry : 
		On exit  : 
		Unchanged: 
 Data sizes:     COMRAM   BANK0   BANK1   BANK2   BANK3   BANK4   BANK5   BANK6   BANK7   BANK8   BANK9  BANK10  BANK11  BANK12  BANK13  BANK14
      Params:         0       0       0       0       0       0       0       0       0       0       0       0       0       0       0       0
      Locals:         0       0       0       0       0       0       0       0       0       0       0       0       0       0       0       0
      Temps:          2       0       0       0       0       0       0       0       0       0       0       0       0       0       0       0
      Totals:         2       0       0       0       0       0       0       0       0       0       0       0       0       0       0       0
Total ram usage:        2 bytes
 Hardware stack levels used:    1
 Hardware stack levels required when called:    1
 This function calls:
		_I2C_FunctionComplete
		_I2C_Stop
 This function is called by:
		_INTERRUPT_InterruptManager
 This function uses a non-reentrant model


 *************** function _I2C_Stop *****************
 Defined at:
		line 579 in file "mcc_generated_files/i2c.c"
 Parameters:    Size  Location     Type
  completion_c    1    wreg     enum E15091
 Auto vars:     Size  Location     Type
  completion_c    1    0[COMRAM] enum E15091
 Return value:  Size  Location     Type
                  1    wreg      void 
 Registers used:
		wreg, fsr2l, fsr2h, status,2, status,0
 Tracked objects:
		On entry : 
		On exit  : 
		Unchanged: 
 Data sizes:     COMRAM   BANK0   BANK1   BANK2   BANK3   BANK4   BANK5   BANK6   BANK7   BANK8   BANK9  BANK10  BANK11  BANK12  BANK13  BANK14
      Params:         0       0       0       0       0       0       0       0       0       0       0       0       0       0       0       0
      Locals:         0       0       0       0       0       0       0       0       0       0       0       0       0       0       0       0
      Temps:          0       0       0       0       0       0       0       0       0       0       0       0       0       0       0       0
      Totals:         0       0       0       0       0       0       0       0       0       0       0       0       0       0       0       0
Total ram usage:        0 bytes
 Hardware stack levels used:    1
 This function calls:
		Nothing
 This function is called by:
		_I2C_ISR
 This function uses a non-reentrant model


 *************** function _I2C_FunctionComplete *****************
 Defined at:
		line 561 in file "mcc_generated_files/i2c.c"
 Parameters:    Size  Location     Type
		None
 Auto vars:     Size  Location     Type
		None
 Return value:  Size  Location     Type
                  1    wreg      void 
 Registers used:
		wreg, status,2, status,0
 Tracked objects:
		On entry : 
		On exit  : 
		Unchanged: 
 Data sizes:     COMRAM   BANK0   BANK1   BANK2   BANK3   BANK4   BANK5   BANK6   BANK7   BANK8   BANK9  BANK10  BANK11  BANK12  BANK13  BANK14
      Params:         0       0       0       0       0       0       0       0       0       0       0       0       0       0       0       0
      Locals:         0       0       0       0       0       0       0       0       0       0       0       0       0       0       0       0
      Temps:          0       0       0       0       0       0       0       0       0       0       0       0       0       0       0       0
      Totals:         0       0       0       0       0       0       0       0       0       0       0       0       0       0       0       0
Total ram usage:        0 bytes
 Hardware stack levels used:    1
 This function calls:
		Nothing
 This function is called by:
		_I2C_ISR
 This function uses a non-reentrant model


 *************** function _I2C_BusCollisionISR *****************
 Defined at:
		line 726 in file "mcc_generated_files/i2c.c"
 Parameters:    Size  Location     Type
		None
 Auto vars:     Size  Location     Type
		None
 Return value:  Size  Location     Type
                  1    wreg      void 
 Registers used:
		None
 Tracked objects:
		On entry : 
		On exit  : 
		Unchanged: 
 Data sizes:     COMRAM   BANK0   BANK1   BANK2   BANK3   BANK4   BANK5   BANK6   BANK7   BANK8   BANK9  BANK10  BANK11  BANK12  BANK13  BANK14
      Params:         0       0       0       0       0       0       0       0       0       0       0       0       0       0       0       0
      Locals:         0       0       0       0       0       0       0       0       0       0       0       0       0       0       0       0
      Temps:          0       0       0       0       0       0       0       0       0       0       0       0       0       0       0       0
      Totals:         0       0       0       0       0       0       0       0       0       0       0       0       0       0       0       0
Total ram usage:        0 bytes
 Hardware stack levels used:    1
 This function calls:
		Nothing
 This function is called by:
		_INTERRUPT_InterruptManager
 This function uses a non-reentrant model


 *************** function _CCP2_CaptureISR *****************
 Defined at:
		line 80 in file "mcc_generated_files/ccp2.c"
 Parameters:    Size  Location     Type
		None
 Auto vars:     Size  Location     Type
  module          2    2[COMRAM] struct CCPR2Reg_tag
 Return value:  Size  Location     Type
                  1    wreg      void 
 Registers used:
		wreg, status,2, status,0
 Tracked objects:
		On entry : 
		On exit  : 
		Unchanged: 
 Data sizes:     COMRAM   BANK0   BANK1   BANK2   BANK3   BANK4   BANK5   BANK6   BANK7   BANK8   BANK9  BANK10  BANK11  BANK12  BANK13  BANK14
      Params:         0       0       0       0       0       0       0       0       0       0       0       0       0       0       0       0
      Locals:         2       0       0       0       0       0       0       0       0       0       0       0       0       0       0       0
      Temps:          2       0       0       0       0       0       0       0       0       0       0       0       0       0       0       0
      Totals:         4       0       0       0       0       0       0       0       0       0       0       0       0       0       0       0
Total ram usage:        4 bytes
 Hardware stack levels used:    1
 This function calls:
		Nothing
 This function is called by:
		_INTERRUPT_InterruptManager
 This function uses a non-reentrant model



MODULE INFORMATION

Module		Function		Class		Link	Load	Size
mcc_generated_files/interrupt_manager.c
		_INTERRUPT_Initialize		CODE           	0C32	0000	5
		_INTERRUPT_InterruptManager		CODE           	0008	0000	203

mcc_generated_files/interrupt_manager.c estimated size: 208

mcc_generated_files/i2c.c
		_I2C_FunctionComplete		CODE           	0BC0	0000	25
		_I2C_ISR       		CODE           	0424	0000	543
		_I2C_Stop      		CODE           	0C26	0000	9
		_I2C_Initialize		CODE           	0A9E	0000	43
		_I2C_BusCollisionISR		CODE           	0C40	0000	3

mcc_generated_files/i2c.c estimated size: 623

mcc_generated_files/pin_manager.c
		_PIN_MANAGER_Initialize		CODE           	0A68	0000	55

mcc_generated_files/pin_manager.c estimated size: 55

mcc_generated_files/adc.c
		_ADC_Initialize		CODE           	0BD8	0000	23

mcc_generated_files/adc.c estimated size: 23

mcc_generated_files/ccp2.c
		_CCP2_CaptureISR		CODE           	093E	0000	103
		_CCP2_Initialize		CODE           	0BA6	0000	27

mcc_generated_files/ccp2.c estimated size: 130

mcc_generated_files/ecan.c
		_ECAN_Initialize		CODE           	07E0	0000	239
		_CAN_transmit  		CODE           	00D6	0000	847
		_convertCANid2Reg		CODE           	0642	0000	415

mcc_generated_files/ecan.c estimated size: 1501

mcc_generated_files/ext_int.c
		_INT0_SetInterruptHandler		CODE           	0C14	0000	11
		_INT1_SetInterruptHandler		CODE           	0C0A	0000	11
		_EXT_INT_Initialize		CODE           	0B14	0000	39
		_INT0_DefaultInterruptHandler		CODE           	0C3E	0000	3
		_INT0_CallBack 		CODE           	0B60	0000	39
		_INT1_DefaultInterruptHandler		CODE           	0C3C	0000	3
		_INT1_CallBack 		CODE           	0B3A	0000	39
		_INT0_ISR      		CODE           	0C1E	0000	9
		_INT1_GetInterruptState		CODE           	0C36	0000	5
		_INT1_ISR      		CODE           	09EC	0000	67

mcc_generated_files/ext_int.c estimated size: 226

shared
		__initialization		CODE           	0AC8	0000	25

shared estimated size: 25

mcc_generated_files/mcc.c
		_OSCILLATOR_Initialize		CODE           	0BEE	0000	19
		_SYSTEM_Initialize		CODE           	0AEE	0000	39

mcc_generated_files/mcc.c estimated size: 58

mcc_generated_files/tmr1.c
		_TMR1_Initialize		CODE           	0A2E	0000	59
		_TMR1_SetInterruptHandler		CODE           	0C00	0000	11
		_TMR1_DefaultInterruptHandler		CODE           	0C3A	0000	3
		_TMR1_StartTimer		CODE           	0C2E	0000	5
		_TMR1_ReadTimer		CODE           	0B86	0000	33
		_TMR1_ISR      		CODE           	09A4	0000	73

mcc_generated_files/tmr1.c estimated size: 184

main.c
		_main          		CODE           	08CE	0000	113

main.c estimated size: 113

